---
source: crates/syntax/src/grammar/top_level.rs
description: "statement(\n            for(i = [0: 10: 2]) {\n                cube(i);\n                translate(i);\n            })"
---
Node(
    FOR_STATEMENT@0..38
      FOR_KW@0..3 "for"
      L_PAREN@3..4 "("
      ASSIGNMENTS@4..14
        ASSIGNMENT@4..14
          IDENT@4..5 "i"
          EQUALS@5..6 "="
          RANGE_EXPR_FROM_TO_STEP@6..14
            L_BRACKET@6..7 "["
            INTEGER@7..8
              INTEGER@7..8 "0"
            COLON@8..9 ":"
            INTEGER@9..11
              INTEGER@9..11 "10"
            COLON@11..12 ":"
            INTEGER@12..13
              INTEGER@12..13 "2"
            R_BRACKET@13..14 "]"
      R_PAREN@14..15 ")"
      BRACED_ACTIONS@15..38
        L_CURLY@15..16 "{"
        MODULE_INSTANTIATION@16..24
          IDENT@16..20 "cube"
          L_PAREN@20..21 "("
          ARGUMENTS@21..22
            LOOKUP_EXPR@21..22
              IDENT@21..22 "i"
          R_PAREN@22..23 ")"
          SEMICOLON@23..24
            SEMICOLON@23..24 ";"
        MODULE_INSTANTIATION@24..37
          IDENT@24..33 "translate"
          L_PAREN@33..34 "("
          ARGUMENTS@34..35
            LOOKUP_EXPR@34..35
              IDENT@34..35 "i"
          R_PAREN@35..36 ")"
          SEMICOLON@36..37
            SEMICOLON@36..37 ";"
        R_CURLY@37..38 "}"
    ,
)
