---
source: crates/syntax/src/grammar/expressions.rs
description: expr(1*2 + 2)
---
Node(
    BIN_EXPR@0..7
      BIN_EXPR@0..3
        INTEGER@0..1
          INTEGER@0..1 "1"
        STAR@1..2
          STAR@1..2 "*"
        INTEGER@2..3
          INTEGER@2..3 "2"
      PLUS@3..5
        WHITESPACE@3..4 " "
        PLUS@4..5 "+"
      INTEGER@5..7
        WHITESPACE@5..6 " "
        INTEGER@6..7 "2"
    ,
)
