---
source: crates/syntax/src/grammar/top_level.rs
description: "statement(\n            if (test) {\n                truthy_1();\n                truthy_2();\n            } else {\n                falsy();\n            })"
---
Node(
    IF_STATEMENT@0..46
      IF_KW@0..2 "if"
      L_PAREN@2..3 "("
      LOOKUP_EXPR@3..7
        IDENT@3..7 "test"
      R_PAREN@7..8 ")"
      BRACED_ACTIONS@8..32
        L_CURLY@8..9 "{"
        MODULE_INSTANTIATION@9..20
          IDENT@9..17 "truthy_1"
          L_PAREN@17..18 "("
          ARGUMENTS@18..18
          R_PAREN@18..19 ")"
          SEMICOLON@19..20
            SEMICOLON@19..20 ";"
        MODULE_INSTANTIATION@20..31
          IDENT@20..28 "truthy_2"
          L_PAREN@28..29 "("
          ARGUMENTS@29..29
          R_PAREN@29..30 ")"
          SEMICOLON@30..31
            SEMICOLON@30..31 ";"
        R_CURLY@31..32 "}"
      ELSE_KW@32..36 "else"
      BRACED_ACTIONS@36..46
        L_CURLY@36..37 "{"
        MODULE_INSTANTIATION@37..45
          IDENT@37..42 "falsy"
          L_PAREN@42..43 "("
          ARGUMENTS@43..43
          R_PAREN@43..44 ")"
          SEMICOLON@44..45
            SEMICOLON@44..45 ";"
        R_CURLY@45..46 "}"
    ,
)
