---
source: crates/syntax/src/grammar/expressions.rs
description: "expr(foo(42, a = 5))"
---
Node(
    FUNCTION_CALL@0..14
      IDENT@0..3 "foo"
      L_PAREN@3..4 "("
      ARGUMENTS@4..13
        INTEGER@4..6
          INTEGER@4..6 "42"
        COMMA@6..7 ","
        ASSIGNMENT@7..13
          WHITESPACE@7..8 " "
          IDENT@8..9 "a"
          WHITESPACE@9..10 " "
          EQUALS@10..11 "="
          INTEGER@11..13
            WHITESPACE@11..12 " "
            INTEGER@12..13 "5"
      R_PAREN@13..14 ")"
    ,
)
