---
source: crates/syntax/src/grammar/top_level.rs
description: statement(function x() = 5;)
---
Node(
    NAMED_FUNCTION_DEFINITION@0..17
      FUNCTION_KW@0..8 "function"
      WHITESPACE@8..9 " "
      IDENT@9..10 "x"
      L_PAREN@10..11 "("
      PARAMETERS@11..11
      R_PAREN@11..12 ")"
      WHITESPACE@12..13 " "
      EQUALS@13..14 "="
      INTEGER@14..16
        WHITESPACE@14..15 " "
        INTEGER@15..16 "5"
      SEMICOLON@16..17 ";"
    ,
)
