---
source: crates/syntax/src/grammar/expressions.rs
description: expr(1/2 + 4 == 1 - -2*2)
---
Node(
    BIN_EXPR@0..19
      BIN_EXPR@0..7
        BIN_EXPR@0..3
          INTEGER@0..1
            INTEGER@0..1 "1"
          SLASH@1..2
            SLASH@1..2 "/"
          INTEGER@2..3
            INTEGER@2..3 "2"
        PLUS@3..5
          WHITESPACE@3..4 " "
          PLUS@4..5 "+"
        INTEGER@5..7
          WHITESPACE@5..6 " "
          INTEGER@6..7 "4"
      DOUBLE_EQUALS@7..10
        WHITESPACE@7..8 " "
        DOUBLE_EQUALS@8..10 "=="
      BIN_EXPR@10..19
        INTEGER@10..12
          WHITESPACE@10..11 " "
          INTEGER@11..12 "1"
        MINUS@12..14
          WHITESPACE@12..13 " "
          MINUS@13..14 "-"
        BIN_EXPR@14..19
          UNARY_EXPR@14..17
            MINUS@14..16
              WHITESPACE@14..15 " "
              MINUS@15..16 "-"
            INTEGER@16..17
              INTEGER@16..17 "2"
          STAR@17..18
            STAR@17..18 "*"
          INTEGER@18..19
            INTEGER@18..19 "2"
    ,
)
