---
source: crates/syntax/src/grammar/top_level.rs
description: "statement(\n            if (test) {\n                truthy_1();\n                truthy_2();\n            } else {\n                falsy();\n            })"
---
Node(
    IF_STATEMENT@0..140
      WHITESPACE@0..13 "\n            "
      IF_KW@13..15 "if"
      WHITESPACE@15..16 " "
      L_PAREN@16..17 "("
      LOOKUP_EXPR@17..21
        IDENT@17..21 "test"
      R_PAREN@21..22 ")"
      BRACED_ACTIONS@22..94
        WHITESPACE@22..23 " "
        L_CURLY@23..24 "{"
        MODULE_INSTANTIATION@24..52
          WHITESPACE@24..41 "\n                "
          IDENT@41..49 "truthy_1"
          L_PAREN@49..50 "("
          ARGUMENTS@50..50
          R_PAREN@50..51 ")"
          SEMICOLON@51..52
            SEMICOLON@51..52 ";"
        MODULE_INSTANTIATION@52..80
          WHITESPACE@52..69 "\n                "
          IDENT@69..77 "truthy_2"
          L_PAREN@77..78 "("
          ARGUMENTS@78..78
          R_PAREN@78..79 ")"
          SEMICOLON@79..80
            SEMICOLON@79..80 ";"
        WHITESPACE@80..93 "\n            "
        R_CURLY@93..94 "}"
      WHITESPACE@94..95 " "
      ELSE_KW@95..99 "else"
      BRACED_ACTIONS@99..140
        WHITESPACE@99..100 " "
        L_CURLY@100..101 "{"
        MODULE_INSTANTIATION@101..126
          WHITESPACE@101..118 "\n                "
          IDENT@118..123 "falsy"
          L_PAREN@123..124 "("
          ARGUMENTS@124..124
          R_PAREN@124..125 ")"
          SEMICOLON@125..126
            SEMICOLON@125..126 ";"
        WHITESPACE@126..139 "\n            "
        R_CURLY@139..140 "}"
    ,
)
