---
source: crates/syntax/src/grammar/top_level.rs
description: statement(function x() = 5;)
---
Node(
    NAMED_FUNCTION_DEFINITION@0..14
      FUNCTION_KW@0..8 "function"
      IDENT@8..9 "x"
      L_PAREN@9..10 "("
      PARAMETERS@10..10
      R_PAREN@10..11 ")"
      EQUALS@11..12 "="
      INTEGER@12..13
        INTEGER@12..13 "5"
      SEMICOLON@13..14 ";"
    ,
)
