---
source: crates/syntax/src/grammar/top_level.rs
description: "statement(\n            if (test1)\n                if (test2) {scope2_1();}\n                else {scope2_2();}\n            else\n                if (test3) {scope3_1();}\n                else {scope3_2();})"
---
Node(
    IF_STATEMENT@0..91
      IF_KW@0..2 "if"
      L_PAREN@2..3 "("
      LOOKUP_EXPR@3..8
        IDENT@3..8 "test1"
      R_PAREN@8..9 ")"
      IF_STATEMENT@9..48
        IF_KW@9..11 "if"
        L_PAREN@11..12 "("
        LOOKUP_EXPR@12..17
          IDENT@12..17 "test2"
        R_PAREN@17..18 ")"
        BRACED_ACTIONS@18..31
          L_CURLY@18..19 "{"
          MODULE_INSTANTIATION@19..30
            IDENT@19..27 "scope2_1"
            L_PAREN@27..28 "("
            ARGUMENTS@28..28
            R_PAREN@28..29 ")"
            SEMICOLON@29..30
              SEMICOLON@29..30 ";"
          R_CURLY@30..31 "}"
        ELSE_KW@31..35 "else"
        BRACED_ACTIONS@35..48
          L_CURLY@35..36 "{"
          MODULE_INSTANTIATION@36..47
            IDENT@36..44 "scope2_2"
            L_PAREN@44..45 "("
            ARGUMENTS@45..45
            R_PAREN@45..46 ")"
            SEMICOLON@46..47
              SEMICOLON@46..47 ";"
          R_CURLY@47..48 "}"
      ELSE_KW@48..52 "else"
      IF_STATEMENT@52..91
        IF_KW@52..54 "if"
        L_PAREN@54..55 "("
        LOOKUP_EXPR@55..60
          IDENT@55..60 "test3"
        R_PAREN@60..61 ")"
        BRACED_ACTIONS@61..74
          L_CURLY@61..62 "{"
          MODULE_INSTANTIATION@62..73
            IDENT@62..70 "scope3_1"
            L_PAREN@70..71 "("
            ARGUMENTS@71..71
            R_PAREN@71..72 ")"
            SEMICOLON@72..73
              SEMICOLON@72..73 ";"
          R_CURLY@73..74 "}"
        ELSE_KW@74..78 "else"
        BRACED_ACTIONS@78..91
          L_CURLY@78..79 "{"
          MODULE_INSTANTIATION@79..90
            IDENT@79..87 "scope3_2"
            L_PAREN@87..88 "("
            ARGUMENTS@88..88
            R_PAREN@88..89 ")"
            SEMICOLON@89..90
              SEMICOLON@89..90 ";"
          R_CURLY@90..91 "}"
    ,
)
