---
source: crates/syntax/src/grammar/top_level.rs
description: "statement(for(i = [0: 1]) if (true) cube(i);)"
---
Node(
    FOR_STATEMENT@0..34
      FOR_KW@0..3 "for"
      L_PAREN@3..4 "("
      ASSIGNMENTS@4..14
        ASSIGNMENT@4..14
          IDENT@4..5 "i"
          WHITESPACE@5..6 " "
          EQUALS@6..7 "="
          RANGE_EXPR_FROM_TO@7..14
            WHITESPACE@7..8 " "
            L_BRACKET@8..9 "["
            INTEGER@9..10
              INTEGER@9..10 "0"
            COLON@10..11 ":"
            INTEGER@11..13
              WHITESPACE@11..12 " "
              INTEGER@12..13 "1"
            R_BRACKET@13..14 "]"
      R_PAREN@14..15 ")"
      IF_STATEMENT@15..34
        WHITESPACE@15..16 " "
        IF_KW@16..18 "if"
        WHITESPACE@18..19 " "
        L_PAREN@19..20 "("
        TRUE_KW@20..24
          TRUE_KW@20..24 "true"
        R_PAREN@24..25 ")"
        MODULE_INSTANTIATION@25..34
          WHITESPACE@25..26 " "
          IDENT@26..30 "cube"
          L_PAREN@30..31 "("
          ARGUMENTS@31..32
            LOOKUP_EXPR@31..32
              IDENT@31..32 "i"
          R_PAREN@32..33 ")"
          SEMICOLON@33..34
            SEMICOLON@33..34 ";"
    ,
)
