---
source: crates/syntax/src/grammar/top_level.rs
description: "package(\n            include \"foo/bar.scad\"\n            use \"baz.scad\"\n            a = 42;\n            b = (42);\n            c = 1 + 1;\n        )"
---
Node(
    PACKAGE@0..52
      INCLUDE@0..21
        INCLUDE_KW@0..7 "include"
        STRING@7..21 "\"foo/bar.scad\""
      USE@21..34
        USE_KW@21..24 "use"
        STRING@24..34 "\"baz.scad\""
      ASSIGNMENT@34..38
        IDENT@34..35 "a"
        EQUALS@35..36 "="
        INTEGER@36..38 "42"
      SEMICOLON@38..39 ";"
      ASSIGNMENT@39..45
        IDENT@39..40 "b"
        EQUALS@40..41 "="
        L_PAREN@41..42 "("
        INTEGER@42..44 "42"
        R_PAREN@44..45 ")"
      SEMICOLON@45..46 ";"
      ASSIGNMENT@46..51
        IDENT@46..47 "c"
        EQUALS@47..48 "="
        BIN_EXPR@48..51
          INTEGER@48..49 "1"
          PLUS@49..50 "+"
          INTEGER@50..51 "1"
      SEMICOLON@51..52 ";"
    ,
)
