---
source: crates/syntax/src/grammar/top_level.rs
description: "statement(for(i = [0: 10], j = [0, 360]) cube(i, j);)"
---
Node(
    FOR_STATEMENT@0..42
      FOR_KW@0..3 "for"
      L_PAREN@3..4 "("
      ASSIGNMENTS@4..29
        ASSIGNMENT@4..15
          IDENT@4..5 "i"
          WHITESPACE@5..6 " "
          EQUALS@6..7 "="
          RANGE_EXPR_FROM_TO@7..15
            WHITESPACE@7..8 " "
            L_BRACKET@8..9 "["
            INTEGER@9..10
              INTEGER@9..10 "0"
            COLON@10..11 ":"
            INTEGER@11..14
              WHITESPACE@11..12 " "
              INTEGER@12..14 "10"
            R_BRACKET@14..15 "]"
        COMMA@15..16 ","
        ASSIGNMENT@16..29
          WHITESPACE@16..17 " "
          IDENT@17..18 "j"
          WHITESPACE@18..19 " "
          EQUALS@19..20 "="
          LIST_EXPR@20..29
            WHITESPACE@20..21 " "
            L_BRACKET@21..22 "["
            INTEGER@22..23
              INTEGER@22..23 "0"
            COMMA@23..24 ","
            INTEGER@24..28
              WHITESPACE@24..25 " "
              INTEGER@25..28 "360"
            R_BRACKET@28..29 "]"
      R_PAREN@29..30 ")"
      MODULE_INSTANTIATION@30..42
        WHITESPACE@30..31 " "
        IDENT@31..35 "cube"
        L_PAREN@35..36 "("
        ARGUMENTS@36..40
          LOOKUP_EXPR@36..37
            IDENT@36..37 "i"
          COMMA@37..38 ","
          LOOKUP_EXPR@38..40
            WHITESPACE@38..39 " "
            IDENT@39..40 "j"
        R_PAREN@40..41 ")"
        SEMICOLON@41..42
          SEMICOLON@41..42 ";"
    ,
)
