---
source: crates/syntax/src/grammar/top_level.rs
description: "statement(function x(a, b=2, c) = a+b+c;)"
---
Node(
    NAMED_FUNCTION_DEFINITION@0..30
      FUNCTION_KW@0..8 "function"
      WHITESPACE@8..9 " "
      IDENT@9..10 "x"
      L_PAREN@10..11 "("
      PARAMETERS@11..20
        IDENT@11..12
          IDENT@11..12 "a"
        COMMA@12..13 ","
        ASSIGNMENT@13..17
          WHITESPACE@13..14 " "
          IDENT@14..15 "b"
          EQUALS@15..16 "="
          INTEGER@16..17
            INTEGER@16..17 "2"
        COMMA@17..18 ","
        IDENT@18..20
          WHITESPACE@18..19 " "
          IDENT@19..20 "c"
      R_PAREN@20..21 ")"
      WHITESPACE@21..22 " "
      EQUALS@22..23 "="
      BIN_EXPR@23..29
        LOOKUP_EXPR@23..25
          WHITESPACE@23..24 " "
          IDENT@24..25 "a"
        PLUS@25..26
          PLUS@25..26 "+"
        LOOKUP_EXPR@26..27
          IDENT@26..27 "b"
        PLUS@27..28
          PLUS@27..28 "+"
        LOOKUP_EXPR@28..29
          IDENT@28..29 "c"
      SEMICOLON@29..30 ";"
    ,
)
