---
source: crates/syntax/src/grammar/top_level.rs
description: "statement(translate([a, b, c]) cube([2, 3, 4]);)"
---
Node(
    MODULE_INSTANTIATION@0..37
      IDENT@0..9 "translate"
      L_PAREN@9..10 "("
      ARGUMENTS@10..19
        LIST_EXPR@10..19
          L_BRACKET@10..11 "["
          LOOKUP_EXPR@11..12
            IDENT@11..12 "a"
          COMMA@12..13 ","
          LOOKUP_EXPR@13..15
            WHITESPACE@13..14 " "
            IDENT@14..15 "b"
          COMMA@15..16 ","
          LOOKUP_EXPR@16..18
            WHITESPACE@16..17 " "
            IDENT@17..18 "c"
          R_BRACKET@18..19 "]"
      R_PAREN@19..20 ")"
      MODULE_INSTANTIATION@20..37
        WHITESPACE@20..21 " "
        IDENT@21..25 "cube"
        L_PAREN@25..26 "("
        ARGUMENTS@26..35
          LIST_EXPR@26..35
            L_BRACKET@26..27 "["
            INTEGER@27..28
              INTEGER@27..28 "2"
            COMMA@28..29 ","
            INTEGER@29..31
              WHITESPACE@29..30 " "
              INTEGER@30..31 "3"
            COMMA@31..32 ","
            INTEGER@32..34
              WHITESPACE@32..33 " "
              INTEGER@33..34 "4"
            R_BRACKET@34..35 "]"
        R_PAREN@35..36 ")"
        SEMICOLON@36..37
          SEMICOLON@36..37 ";"
    ,
)
