---
source: crates/compiler/src/lowering/bytecode.rs
description: "u=undef; echo(norm([])); echo(norm([1, 2, [1, 3]]));"
---
  0|  undef
   |  define_global u
   |  create_list
   |  lookup norm
   |  call (1 arg)
   |  lookup echo
   |  call (1 arg)
   |  save_geometry
   |  create_list
   |  load_constant 1
   |  add_to_list
   |  load_constant 2
   |  add_to_list
   |  create_list
   |  load_constant 1
   |  add_to_list
   |  load_constant 3
   |  add_to_list
   |  add_to_list
   |  lookup norm
   |  call (1 arg)
   |  lookup echo
   |  call (1 arg)
   |  save_geometry
   |  ret

