---
source: crates/runtime/tests/integration-tests.rs
expression: output
input_file: crates/runtime/tests/run-pass/simple-arithmetic.scad
---
Output {
    geometry: [],
    printed: [
        [
            String(
                "add",
            ),
            Number(
                2.0,
            ),
        ],
        [
            String(
                "sub",
            ),
            Number(
                4.0,
            ),
        ],
        [
            String(
                "mul",
            ),
            Number(
                4.5,
            ),
        ],
        [
            String(
                "div",
            ),
            Number(
                0.6666666666666666,
            ),
        ],
        [
            String(
                "neg",
            ),
            Number(
                -1.5,
            ),
        ],
        [
            String(
                "add mul",
            ),
            Number(
                12.0,
            ),
        ],
        [
            String(
                "mul add",
            ),
            Number(
                9.0,
            ),
        ],
        [
            String(
                "mul div",
            ),
            Number(
                0.8,
            ),
        ],
        [
            String(
                "one div zero",
            ),
            Number(
                inf,
            ),
        ],
        [
            String(
                "negative one div zero",
            ),
            Number(
                -inf,
            ),
        ],
        [
            String(
                "zero div zero",
            ),
            Number(
                NaN,
            ),
        ],
    ],
}
